
==========================================================================
detailed place report_tns
--------------------------------------------------------------------------
tns max 0.00

==========================================================================
detailed place report_wns
--------------------------------------------------------------------------
wns max 0.00

==========================================================================
detailed place report_worst_slack
--------------------------------------------------------------------------
worst slack max 17.16

==========================================================================
detailed place report_clock_min_period
--------------------------------------------------------------------------
clk period_min = 2.84 fmax = 352.18

==========================================================================
detailed place report_checks -path_delay min
--------------------------------------------------------------------------
Startpoint: i_rf.Registers[19][21]$_SDFFCE_PN0P_
            (rising edge-triggered flip-flop clocked by clk)
Endpoint: i_rf.checkx4[21]$_DFF_P_
          (rising edge-triggered flip-flop clocked by clk)
Path Group: clk
Path Type: min

Fanout     Cap    Slew   Delay    Time   Description
-----------------------------------------------------------------------------
                  0.00    0.00    0.00   clock clk (rise edge)
                          0.00    0.00   clock network delay (ideal)
                  0.00    0.00    0.00 ^ i_rf.Registers[19][21]$_SDFFCE_PN0P_/CK (DFF_X1)
     4    5.05    0.01    0.08    0.08 v i_rf.Registers[19][21]$_SDFFCE_PN0P_/Q (DFF_X1)
                                         i_rf.Registers[19][21] (net)
                  0.01    0.00    0.08 v i_rf.checkx4[21]$_DFF_P_/D (DFF_X1)
                                  0.08   data arrival time

                  0.00    0.00    0.00   clock clk (rise edge)
                          0.00    0.00   clock network delay (ideal)
                          0.00    0.00   clock reconvergence pessimism
                                  0.00 ^ i_rf.checkx4[21]$_DFF_P_/CK (DFF_X1)
                          0.00    0.00   library hold time
                                  0.00   data required time
-----------------------------------------------------------------------------
                                  0.00   data required time
                                 -0.08   data arrival time
-----------------------------------------------------------------------------
                                  0.08   slack (MET)



==========================================================================
detailed place report_checks -path_delay max
--------------------------------------------------------------------------
Startpoint: rst (input port clocked by clk)
Endpoint: i_rf.Registers[4][27]$_SDFFCE_PN0P_
          (rising edge-triggered flip-flop clocked by clk)
Path Group: clk
Path Type: max

Fanout     Cap    Slew   Delay    Time   Description
-----------------------------------------------------------------------------
                  0.00    0.00    0.00   clock clk (rise edge)
                          0.00    0.00   clock network delay (ideal)
                          2.00    2.00 v input external delay
     1   13.07    0.00    0.00    2.00 v rst (in)
                                         rst (net)
                  0.00    0.00    2.00 v _18481_/A (BUF_X1)
     3    6.41    0.01    0.03    2.03 v _18481_/Z (BUF_X1)
                                         _12159_ (net)
                  0.01    0.00    2.03 v _18653_/A (BUF_X1)
    10   45.51    0.05    0.07    2.11 v _18653_/Z (BUF_X1)
                                         _12329_ (net)
                  0.05    0.01    2.12 v _26744_/A1 (NOR2_X1)
     2    4.51    0.03    0.06    2.17 ^ _26744_/ZN (NOR2_X1)
                                         _07632_ (net)
                  0.03    0.00    2.17 ^ _26934_/A (INV_X1)
     2    3.21    0.01    0.01    2.19 v _26934_/ZN (INV_X1)
                                         _07758_ (net)
                  0.01    0.00    2.19 v _26936_/A3 (NOR4_X1)
     7   29.23    0.29    0.37    2.56 ^ _26936_/ZN (NOR4_X1)
                                         _07760_ (net)
                  0.29    0.00    2.56 ^ _28745_/A1 (NAND2_X1)
     1    5.93    0.06    0.05    2.60 v _28745_/ZN (NAND2_X1)
                                         _08833_ (net)
                  0.06    0.00    2.61 v _28746_/A (BUF_X1)
    10   20.90    0.02    0.08    2.68 v _28746_/Z (BUF_X1)
                                         _08834_ (net)
                  0.02    0.00    2.68 v _28788_/A (BUF_X1)
    10   22.76    0.03    0.06    2.75 v _28788_/Z (BUF_X1)
                                         _08858_ (net)
                  0.03    0.00    2.75 v _28793_/A3 (NAND3_X1)
     1    2.14    0.01    0.03    2.78 ^ _28793_/ZN (NAND3_X1)
                                         _08862_ (net)
                  0.01    0.00    2.78 ^ _28794_/A (OAI21_X1)
     1    1.21    0.02    0.02    2.79 v _28794_/ZN (OAI21_X1)
                                         _03632_ (net)
                  0.02    0.00    2.79 v i_rf.Registers[4][27]$_SDFFCE_PN0P_/D (DFF_X1)
                                  2.79   data arrival time

                  0.00   20.00   20.00   clock clk (rise edge)
                          0.00   20.00   clock network delay (ideal)
                          0.00   20.00   clock reconvergence pessimism
                                 20.00 ^ i_rf.Registers[4][27]$_SDFFCE_PN0P_/CK (DFF_X1)
                         -0.05   19.95   library setup time
                                 19.95   data required time
-----------------------------------------------------------------------------
                                 19.95   data required time
                                 -2.79   data arrival time
-----------------------------------------------------------------------------
                                 17.16   slack (MET)



==========================================================================
detailed place report_checks -unconstrained
--------------------------------------------------------------------------
Startpoint: rst (input port clocked by clk)
Endpoint: i_rf.Registers[4][27]$_SDFFCE_PN0P_
          (rising edge-triggered flip-flop clocked by clk)
Path Group: clk
Path Type: max

Fanout     Cap    Slew   Delay    Time   Description
-----------------------------------------------------------------------------
                  0.00    0.00    0.00   clock clk (rise edge)
                          0.00    0.00   clock network delay (ideal)
                          2.00    2.00 v input external delay
     1   13.07    0.00    0.00    2.00 v rst (in)
                                         rst (net)
                  0.00    0.00    2.00 v _18481_/A (BUF_X1)
     3    6.41    0.01    0.03    2.03 v _18481_/Z (BUF_X1)
                                         _12159_ (net)
                  0.01    0.00    2.03 v _18653_/A (BUF_X1)
    10   45.51    0.05    0.07    2.11 v _18653_/Z (BUF_X1)
                                         _12329_ (net)
                  0.05    0.01    2.12 v _26744_/A1 (NOR2_X1)
     2    4.51    0.03    0.06    2.17 ^ _26744_/ZN (NOR2_X1)
                                         _07632_ (net)
                  0.03    0.00    2.17 ^ _26934_/A (INV_X1)
     2    3.21    0.01    0.01    2.19 v _26934_/ZN (INV_X1)
                                         _07758_ (net)
                  0.01    0.00    2.19 v _26936_/A3 (NOR4_X1)
     7   29.23    0.29    0.37    2.56 ^ _26936_/ZN (NOR4_X1)
                                         _07760_ (net)
                  0.29    0.00    2.56 ^ _28745_/A1 (NAND2_X1)
     1    5.93    0.06    0.05    2.60 v _28745_/ZN (NAND2_X1)
                                         _08833_ (net)
                  0.06    0.00    2.61 v _28746_/A (BUF_X1)
    10   20.90    0.02    0.08    2.68 v _28746_/Z (BUF_X1)
                                         _08834_ (net)
                  0.02    0.00    2.68 v _28788_/A (BUF_X1)
    10   22.76    0.03    0.06    2.75 v _28788_/Z (BUF_X1)
                                         _08858_ (net)
                  0.03    0.00    2.75 v _28793_/A3 (NAND3_X1)
     1    2.14    0.01    0.03    2.78 ^ _28793_/ZN (NAND3_X1)
                                         _08862_ (net)
                  0.01    0.00    2.78 ^ _28794_/A (OAI21_X1)
     1    1.21    0.02    0.02    2.79 v _28794_/ZN (OAI21_X1)
                                         _03632_ (net)
                  0.02    0.00    2.79 v i_rf.Registers[4][27]$_SDFFCE_PN0P_/D (DFF_X1)
                                  2.79   data arrival time

                  0.00   20.00   20.00   clock clk (rise edge)
                          0.00   20.00   clock network delay (ideal)
                          0.00   20.00   clock reconvergence pessimism
                                 20.00 ^ i_rf.Registers[4][27]$_SDFFCE_PN0P_/CK (DFF_X1)
                         -0.05   19.95   library setup time
                                 19.95   data required time
-----------------------------------------------------------------------------
                                 19.95   data required time
                                 -2.79   data arrival time
-----------------------------------------------------------------------------
                                 17.16   slack (MET)



==========================================================================
detailed place report_check_types -max_slew -max_cap -max_fanout -violators
--------------------------------------------------------------------------
max slew

Pin                                    Limit    Slew   Slack
------------------------------------------------------------
_26936_/ZN                              0.20    0.29   -0.09 (VIOLATED)
_21212_/ZN                              0.20    0.27   -0.07 (VIOLATED)
_21321_/ZN                              0.20    0.25   -0.05 (VIOLATED)
_21434_/ZN                              0.20    0.25   -0.05 (VIOLATED)
_22782_/ZN                              0.20    0.25   -0.05 (VIOLATED)
_22858_/ZN                              0.20    0.25   -0.05 (VIOLATED)
_21574_/ZN                              0.20    0.24   -0.05 (VIOLATED)
_27012_/ZN                              0.20    0.23   -0.03 (VIOLATED)
_21650_/ZN                              0.20    0.22   -0.02 (VIOLATED)
_21728_/ZN                              0.20    0.21   -0.02 (VIOLATED)

max capacitance

Pin                                    Limit     Cap   Slack
------------------------------------------------------------
_21212_/ZN                             16.02   37.49  -21.47 (VIOLATED)
_21321_/ZN                             16.02   35.12  -19.10 (VIOLATED)
_22782_/ZN                             16.02   35.07  -19.05 (VIOLATED)
_21434_/ZN                             16.02   34.94  -18.92 (VIOLATED)
_26936_/ZN                             10.47   29.23  -18.76 (VIOLATED)
_22858_/ZN                             16.02   34.70  -18.68 (VIOLATED)
_21574_/ZN                             16.02   33.77  -17.75 (VIOLATED)
_27012_/ZN                             16.02   31.56  -15.54 (VIOLATED)
_21650_/ZN                             16.02   30.64  -14.62 (VIOLATED)
_21728_/ZN                             16.02   29.44  -13.41 (VIOLATED)
_22781_/ZN                             16.02   22.08   -6.06 (VIOLATED)
_18125_/ZN                             10.47   16.20   -5.73 (VIOLATED)
_26746_/ZN                             26.70   31.23   -4.53 (VIOLATED)
_18093_/ZN                             10.47   14.72   -4.24 (VIOLATED)
_26856_/ZN                             26.70   29.99   -3.29 (VIOLATED)
_18425_/Z                              60.65   63.47   -2.82 (VIOLATED)
_21208_/ZN                             16.02   16.10   -0.08 (VIOLATED)


==========================================================================
detailed place max_slew_check_slack
--------------------------------------------------------------------------
-0.09498943388462067

==========================================================================
detailed place max_slew_check_limit
--------------------------------------------------------------------------
0.1985349953174591

==========================================================================
detailed place max_slew_check_slack_limit
--------------------------------------------------------------------------
-0.4785

==========================================================================
detailed place max_fanout_check_slack
--------------------------------------------------------------------------
1.0000000150474662e+30

==========================================================================
detailed place max_fanout_check_limit
--------------------------------------------------------------------------
1.0000000150474662e+30

==========================================================================
detailed place max_capacitance_check_slack
--------------------------------------------------------------------------
-21.47085952758789

==========================================================================
detailed place max_capacitance_check_limit
--------------------------------------------------------------------------
16.021699905395508

==========================================================================
detailed place max_capacitance_check_slack_limit
--------------------------------------------------------------------------
-1.3401

==========================================================================
detailed place max_slew_violation_count
--------------------------------------------------------------------------
max slew violation count 10

==========================================================================
detailed place max_fanout_violation_count
--------------------------------------------------------------------------
max fanout violation count 0

==========================================================================
detailed place max_cap_violation_count
--------------------------------------------------------------------------
max cap violation count 17

==========================================================================
detailed place setup_violation_count
--------------------------------------------------------------------------
setup violation count 0

==========================================================================
detailed place hold_violation_count
--------------------------------------------------------------------------
hold violation count 0

==========================================================================
detailed place report_checks -path_delay max reg to reg
--------------------------------------------------------------------------
Startpoint: i_3.ALUResultM[3]$_SDFF_PP0_
            (rising edge-triggered flip-flop clocked by clk)
Endpoint: i_1.instruction[7]$_DFF_P_
          (rising edge-triggered flip-flop clocked by clk)
Path Group: clk
Path Type: max

  Delay    Time   Description
---------------------------------------------------------
   0.00    0.00   clock clk (rise edge)
   0.00    0.00   clock network delay (ideal)
   0.00    0.00 ^ i_3.ALUResultM[3]$_SDFF_PP0_/CK (DFF_X1)
   0.08    0.08 ^ i_3.ALUResultM[3]$_SDFF_PP0_/Q (DFF_X1)
   0.09    0.18 ^ _18437_/Z (BUF_X1)
   0.12    0.30 ^ _18438_/Z (BUF_X1)
   0.12    0.42 ^ _18439_/Z (BUF_X1)
   0.12    0.53 ^ _18440_/Z (BUF_X1)
   0.14    0.68 ^ _18441_/Z (BUF_X1)
   0.08    0.76 ^ _18442_/Z (MUX2_X1)
   0.06    0.82 ^ _32271_/S (HA_X1)
   0.03    0.85 ^ _18584_/Z (BUF_X4)
   0.01    0.86 v _18585_/ZN (INV_X2)
   0.04    0.90 ^ _18587_/ZN (AOI21_X1)
   0.03    0.93 v _18588_/ZN (AOI21_X1)
   0.11    1.04 ^ _18595_/ZN (OAI33_X1)
   0.03    1.07 v _18596_/ZN (AOI21_X2)
   0.05    1.11 ^ _18606_/ZN (OAI22_X1)
   0.06    1.17 v _18654_/ZN (NAND3_X1)
   0.07    1.24 ^ _20881_/Z (MUX2_X1)
   0.05    1.29 ^ _20882_/Z (MUX2_X2)
   0.01    1.30 v _20883_/ZN (INV_X1)
   0.13    1.43 ^ _20884_/ZN (NOR2_X1)
   0.06    1.49 v _21026_/ZN (INV_X1)
   0.07    1.55 v _32283_/S (HA_X1)
   0.06    1.62 v _20932_/Z (MUX2_X1)
   0.07    1.69 v _20934_/ZN (OR3_X2)
   0.02    1.71 ^ _20942_/ZN (OAI221_X1)
   0.00    1.71 ^ i_1.instruction[7]$_DFF_P_/D (DFF_X1)
           1.71   data arrival time

  20.00   20.00   clock clk (rise edge)
   0.00   20.00   clock network delay (ideal)
   0.00   20.00   clock reconvergence pessimism
          20.00 ^ i_1.instruction[7]$_DFF_P_/CK (DFF_X1)
  -0.04   19.96   library setup time
          19.96   data required time
---------------------------------------------------------
          19.96   data required time
          -1.71   data arrival time
---------------------------------------------------------
          18.25   slack (MET)



==========================================================================
detailed place report_checks -path_delay min reg to reg
--------------------------------------------------------------------------
Startpoint: i_rf.Registers[19][21]$_SDFFCE_PN0P_
            (rising edge-triggered flip-flop clocked by clk)
Endpoint: i_rf.checkx4[21]$_DFF_P_
          (rising edge-triggered flip-flop clocked by clk)
Path Group: clk
Path Type: min

  Delay    Time   Description
---------------------------------------------------------
   0.00    0.00   clock clk (rise edge)
   0.00    0.00   clock network delay (ideal)
   0.00    0.00 ^ i_rf.Registers[19][21]$_SDFFCE_PN0P_/CK (DFF_X1)
   0.08    0.08 v i_rf.Registers[19][21]$_SDFFCE_PN0P_/Q (DFF_X1)
   0.00    0.08 v i_rf.checkx4[21]$_DFF_P_/D (DFF_X1)
           0.08   data arrival time

   0.00    0.00   clock clk (rise edge)
   0.00    0.00   clock network delay (ideal)
   0.00    0.00   clock reconvergence pessimism
           0.00 ^ i_rf.checkx4[21]$_DFF_P_/CK (DFF_X1)
   0.00    0.00   library hold time
           0.00   data required time
---------------------------------------------------------
           0.00   data required time
          -0.08   data arrival time
---------------------------------------------------------
           0.08   slack (MET)



==========================================================================
detailed place critical path target clock latency max path
--------------------------------------------------------------------------
0.0000

==========================================================================
detailed place critical path target clock latency min path
--------------------------------------------------------------------------
0.0000

==========================================================================
detailed place critical path source clock latency min path
--------------------------------------------------------------------------
0.0000

==========================================================================
detailed place critical path delay
--------------------------------------------------------------------------
2.7939

==========================================================================
detailed place critical path slack
--------------------------------------------------------------------------
17.1606

==========================================================================
detailed place slack div critical path delay
--------------------------------------------------------------------------
614.216686

==========================================================================
detailed place report_power
--------------------------------------------------------------------------
Group                  Internal  Switching    Leakage      Total
                          Power      Power      Power      Power (Watts)
----------------------------------------------------------------
Sequential             1.30e-03   1.20e-05   2.80e-04   1.60e-03  63.1%
Combinational          1.39e-04   4.05e-04   3.90e-04   9.35e-04  36.9%
Clock                  0.00e+00   0.00e+00   0.00e+00   0.00e+00   0.0%
Macro                  0.00e+00   0.00e+00   0.00e+00   0.00e+00   0.0%
Pad                    0.00e+00   0.00e+00   0.00e+00   0.00e+00   0.0%
----------------------------------------------------------------
Total                  1.44e-03   4.17e-04   6.71e-04   2.53e-03 100.0%
                          57.0%      16.5%      26.5%
