
==========================================================================
global place report_tns
--------------------------------------------------------------------------
tns max 0.00

==========================================================================
global place report_wns
--------------------------------------------------------------------------
wns max 0.00

==========================================================================
global place report_worst_slack
--------------------------------------------------------------------------
worst slack max 17.17

==========================================================================
global place report_clock_min_period
--------------------------------------------------------------------------
clk period_min = 2.83 fmax = 353.34

==========================================================================
global place report_checks -path_delay min
--------------------------------------------------------------------------
Startpoint: i_rf.Registers[19][21]$_SDFFCE_PN0P_
            (rising edge-triggered flip-flop clocked by clk)
Endpoint: i_rf.checkx4[21]$_DFF_P_
          (rising edge-triggered flip-flop clocked by clk)
Path Group: clk
Path Type: min

Fanout     Cap    Slew   Delay    Time   Description
-----------------------------------------------------------------------------
                  0.00    0.00    0.00   clock clk (rise edge)
                          0.00    0.00   clock network delay (ideal)
                  0.00    0.00    0.00 ^ i_rf.Registers[19][21]$_SDFFCE_PN0P_/CK (DFF_X1)
     4    5.05    0.01    0.08    0.08 v i_rf.Registers[19][21]$_SDFFCE_PN0P_/Q (DFF_X1)
                                         i_rf.Registers[19][21] (net)
                  0.01    0.00    0.08 v i_rf.checkx4[21]$_DFF_P_/D (DFF_X1)
                                  0.08   data arrival time

                  0.00    0.00    0.00   clock clk (rise edge)
                          0.00    0.00   clock network delay (ideal)
                          0.00    0.00   clock reconvergence pessimism
                                  0.00 ^ i_rf.checkx4[21]$_DFF_P_/CK (DFF_X1)
                          0.00    0.00   library hold time
                                  0.00   data required time
-----------------------------------------------------------------------------
                                  0.00   data required time
                                 -0.08   data arrival time
-----------------------------------------------------------------------------
                                  0.08   slack (MET)



==========================================================================
global place report_checks -path_delay max
--------------------------------------------------------------------------
Startpoint: rst (input port clocked by clk)
Endpoint: i_rf.Registers[4][4]$_SDFFCE_PN0P_
          (rising edge-triggered flip-flop clocked by clk)
Path Group: clk
Path Type: max

Fanout     Cap    Slew   Delay    Time   Description
-----------------------------------------------------------------------------
                  0.00    0.00    0.00   clock clk (rise edge)
                          0.00    0.00   clock network delay (ideal)
                          2.00    2.00 v input external delay
     1   13.72    0.00    0.00    2.00 v rst (in)
                                         rst (net)
                  0.00    0.00    2.00 v _18481_/A (BUF_X1)
     3    5.66    0.01    0.03    2.03 v _18481_/Z (BUF_X1)
                                         _12159_ (net)
                  0.01    0.00    2.03 v _18653_/A (BUF_X1)
    10   45.61    0.05    0.07    2.11 v _18653_/Z (BUF_X1)
                                         _12329_ (net)
                  0.05    0.01    2.12 v _26744_/A1 (NOR2_X1)
     2    3.93    0.03    0.05    2.17 ^ _26744_/ZN (NOR2_X1)
                                         _07632_ (net)
                  0.03    0.00    2.17 ^ _26934_/A (INV_X1)
     2    3.34    0.01    0.01    2.18 v _26934_/ZN (INV_X1)
                                         _07758_ (net)
                  0.01    0.00    2.18 v _26936_/A3 (NOR4_X1)
     7   28.99    0.29    0.37    2.55 ^ _26936_/ZN (NOR4_X1)
                                         _07760_ (net)
                  0.29    0.00    2.55 ^ _28745_/A1 (NAND2_X1)
     1    5.83    0.06    0.04    2.60 v _28745_/ZN (NAND2_X1)
                                         _08833_ (net)
                  0.06    0.00    2.60 v _28746_/A (BUF_X1)
    10   20.25    0.02    0.07    2.67 v _28746_/Z (BUF_X1)
                                         _08834_ (net)
                  0.02    0.00    2.68 v _28788_/A (BUF_X1)
    10   22.77    0.03    0.06    2.74 v _28788_/Z (BUF_X1)
                                         _08858_ (net)
                  0.03    0.00    2.74 v _28808_/A3 (NAND3_X1)
     1    1.77    0.01    0.03    2.77 ^ _28808_/ZN (NAND3_X1)
                                         _08870_ (net)
                  0.01    0.00    2.77 ^ _28809_/A (OAI21_X1)
     1    1.09    0.02    0.02    2.78 v _28809_/ZN (OAI21_X1)
                                         _03639_ (net)
                  0.02    0.00    2.78 v i_rf.Registers[4][4]$_SDFFCE_PN0P_/D (DFF_X1)
                                  2.78   data arrival time

                  0.00   20.00   20.00   clock clk (rise edge)
                          0.00   20.00   clock network delay (ideal)
                          0.00   20.00   clock reconvergence pessimism
                                 20.00 ^ i_rf.Registers[4][4]$_SDFFCE_PN0P_/CK (DFF_X1)
                         -0.05   19.95   library setup time
                                 19.95   data required time
-----------------------------------------------------------------------------
                                 19.95   data required time
                                 -2.78   data arrival time
-----------------------------------------------------------------------------
                                 17.17   slack (MET)



==========================================================================
global place report_checks -unconstrained
--------------------------------------------------------------------------
Startpoint: rst (input port clocked by clk)
Endpoint: i_rf.Registers[4][4]$_SDFFCE_PN0P_
          (rising edge-triggered flip-flop clocked by clk)
Path Group: clk
Path Type: max

Fanout     Cap    Slew   Delay    Time   Description
-----------------------------------------------------------------------------
                  0.00    0.00    0.00   clock clk (rise edge)
                          0.00    0.00   clock network delay (ideal)
                          2.00    2.00 v input external delay
     1   13.72    0.00    0.00    2.00 v rst (in)
                                         rst (net)
                  0.00    0.00    2.00 v _18481_/A (BUF_X1)
     3    5.66    0.01    0.03    2.03 v _18481_/Z (BUF_X1)
                                         _12159_ (net)
                  0.01    0.00    2.03 v _18653_/A (BUF_X1)
    10   45.61    0.05    0.07    2.11 v _18653_/Z (BUF_X1)
                                         _12329_ (net)
                  0.05    0.01    2.12 v _26744_/A1 (NOR2_X1)
     2    3.93    0.03    0.05    2.17 ^ _26744_/ZN (NOR2_X1)
                                         _07632_ (net)
                  0.03    0.00    2.17 ^ _26934_/A (INV_X1)
     2    3.34    0.01    0.01    2.18 v _26934_/ZN (INV_X1)
                                         _07758_ (net)
                  0.01    0.00    2.18 v _26936_/A3 (NOR4_X1)
     7   28.99    0.29    0.37    2.55 ^ _26936_/ZN (NOR4_X1)
                                         _07760_ (net)
                  0.29    0.00    2.55 ^ _28745_/A1 (NAND2_X1)
     1    5.83    0.06    0.04    2.60 v _28745_/ZN (NAND2_X1)
                                         _08833_ (net)
                  0.06    0.00    2.60 v _28746_/A (BUF_X1)
    10   20.25    0.02    0.07    2.67 v _28746_/Z (BUF_X1)
                                         _08834_ (net)
                  0.02    0.00    2.68 v _28788_/A (BUF_X1)
    10   22.77    0.03    0.06    2.74 v _28788_/Z (BUF_X1)
                                         _08858_ (net)
                  0.03    0.00    2.74 v _28808_/A3 (NAND3_X1)
     1    1.77    0.01    0.03    2.77 ^ _28808_/ZN (NAND3_X1)
                                         _08870_ (net)
                  0.01    0.00    2.77 ^ _28809_/A (OAI21_X1)
     1    1.09    0.02    0.02    2.78 v _28809_/ZN (OAI21_X1)
                                         _03639_ (net)
                  0.02    0.00    2.78 v i_rf.Registers[4][4]$_SDFFCE_PN0P_/D (DFF_X1)
                                  2.78   data arrival time

                  0.00   20.00   20.00   clock clk (rise edge)
                          0.00   20.00   clock network delay (ideal)
                          0.00   20.00   clock reconvergence pessimism
                                 20.00 ^ i_rf.Registers[4][4]$_SDFFCE_PN0P_/CK (DFF_X1)
                         -0.05   19.95   library setup time
                                 19.95   data required time
-----------------------------------------------------------------------------
                                 19.95   data required time
                                 -2.78   data arrival time
-----------------------------------------------------------------------------
                                 17.17   slack (MET)



==========================================================================
global place report_power
--------------------------------------------------------------------------
Group                  Internal  Switching    Leakage      Total
                          Power      Power      Power      Power (Watts)
----------------------------------------------------------------
Sequential             1.30e-03   1.22e-05   2.80e-04   1.60e-03  63.0%
Combinational          1.40e-04   4.06e-04   3.90e-04   9.36e-04  37.0%
Clock                  0.00e+00   0.00e+00   0.00e+00   0.00e+00   0.0%
Macro                  0.00e+00   0.00e+00   0.00e+00   0.00e+00   0.0%
Pad                    0.00e+00   0.00e+00   0.00e+00   0.00e+00   0.0%
----------------------------------------------------------------
Total                  1.44e-03   4.18e-04   6.71e-04   2.53e-03 100.0%
                          57.0%      16.5%      26.5%
