
==========================================================================
cts final report_tns
--------------------------------------------------------------------------
tns max 0.00

==========================================================================
cts final report_wns
--------------------------------------------------------------------------
wns max 0.00

==========================================================================
cts final report_worst_slack
--------------------------------------------------------------------------
worst slack max 17.43

==========================================================================
cts final report_clock_min_period
--------------------------------------------------------------------------
clk period_min = 2.57 fmax = 389.27

==========================================================================
cts final report_clock_skew
--------------------------------------------------------------------------
Clock clk
   0.26 source latency i_1.instrD[20]$_SDFFE_PP0N_/CK ^
  -0.27 target latency i_2.Rs2E[2]$_SDFF_PN0_/CK ^
   0.00 CRPR
--------------
  -0.01 setup skew


==========================================================================
cts final report_checks -path_delay min
--------------------------------------------------------------------------
Startpoint: i_rf.Registers[2][7]$_SDFFCE_PN0P_
            (rising edge-triggered flip-flop clocked by clk)
Endpoint: checkx2[7]$_DFF_P_ (rising edge-triggered flip-flop clocked by clk)
Path Group: clk
Path Type: min

Fanout     Cap    Slew   Delay    Time   Description
-----------------------------------------------------------------------------
                          0.00    0.00   clock clk (rise edge)
                          0.00    0.00   clock source latency
     1   33.60    0.00    0.00    0.00 ^ clk (in)
                                         clk (net)
                  0.01    0.01    0.01 ^ clkbuf_0_clk/A (CLKBUF_X3)
     4   50.56    0.04    0.07    0.07 ^ clkbuf_0_clk/Z (CLKBUF_X3)
                                         clknet_0_clk (net)
                  0.04    0.00    0.07 ^ clkbuf_2_2_0_clk/A (CLKBUF_X3)
    16   64.71    0.05    0.09    0.17 ^ clkbuf_2_2_0_clk/Z (CLKBUF_X3)
                                         clknet_2_2_0_clk (net)
                  0.05    0.00    0.17 ^ clkbuf_6_44_0_clk/A (CLKBUF_X3)
     6   20.60    0.02    0.06    0.23 ^ clkbuf_6_44_0_clk/Z (CLKBUF_X3)
                                         clknet_6_44_0_clk (net)
                  0.02    0.00    0.23 ^ clkbuf_leaf_134_clk/A (CLKBUF_X3)
     8   10.74    0.01    0.04    0.27 ^ clkbuf_leaf_134_clk/Z (CLKBUF_X3)
                                         clknet_leaf_134_clk (net)
                  0.01    0.00    0.27 ^ i_rf.Registers[2][7]$_SDFFCE_PN0P_/CK (DFF_X1)
     4    7.41    0.01    0.09    0.36 v i_rf.Registers[2][7]$_SDFFCE_PN0P_/Q (DFF_X1)
                                         i_rf.Registers[2][7] (net)
                  0.01    0.00    0.36 v checkx2[7]$_DFF_P_/D (DFF_X1)
                                  0.36   data arrival time

                          0.00    0.00   clock clk (rise edge)
                          0.00    0.00   clock source latency
     1   33.60    0.00    0.00    0.00 ^ clk (in)
                                         clk (net)
                  0.01    0.01    0.01 ^ clkbuf_0_clk/A (CLKBUF_X3)
     4   50.56    0.04    0.07    0.07 ^ clkbuf_0_clk/Z (CLKBUF_X3)
                                         clknet_0_clk (net)
                  0.04    0.00    0.07 ^ clkbuf_2_2_0_clk/A (CLKBUF_X3)
    16   64.71    0.05    0.09    0.17 ^ clkbuf_2_2_0_clk/Z (CLKBUF_X3)
                                         clknet_2_2_0_clk (net)
                  0.05    0.00    0.17 ^ clkbuf_6_47_0_clk/A (CLKBUF_X3)
     9   23.64    0.02    0.06    0.23 ^ clkbuf_6_47_0_clk/Z (CLKBUF_X3)
                                         clknet_6_47_0_clk (net)
                  0.02    0.00    0.23 ^ clkbuf_leaf_145_clk/A (CLKBUF_X3)
     8   11.14    0.01    0.04    0.27 ^ clkbuf_leaf_145_clk/Z (CLKBUF_X3)
                                         clknet_leaf_145_clk (net)
                  0.01    0.00    0.27 ^ checkx2[7]$_DFF_P_/CK (DFF_X1)
                          0.00    0.27   clock reconvergence pessimism
                          0.00    0.27   library hold time
                                  0.27   data required time
-----------------------------------------------------------------------------
                                  0.27   data required time
                                 -0.36   data arrival time
-----------------------------------------------------------------------------
                                  0.08   slack (MET)



==========================================================================
cts final report_checks -path_delay max
--------------------------------------------------------------------------
Startpoint: rst (input port clocked by clk)
Endpoint: i_rf.Registers[4][30]$_SDFFCE_PN0P_
          (rising edge-triggered flip-flop clocked by clk)
Path Group: clk
Path Type: max

Fanout     Cap    Slew   Delay    Time   Description
-----------------------------------------------------------------------------
                          0.00    0.00   clock clk (rise edge)
                          0.00    0.00   clock network delay (propagated)
                          2.00    2.00 v input external delay
     1   13.11    0.00    0.00    2.00 v rst (in)
                                         rst (net)
                  0.00    0.00    2.00 v _18481_/A (BUF_X1)
     3    6.49    0.01    0.03    2.03 v _18481_/Z (BUF_X1)
                                         _12159_ (net)
                  0.01    0.00    2.03 v _18653_/A (BUF_X1)
    10   45.74    0.05    0.07    2.11 v _18653_/Z (BUF_X1)
                                         _12329_ (net)
                  0.05    0.01    2.12 v _26744_/A1 (NOR2_X1)
     2    4.54    0.03    0.06    2.17 ^ _26744_/ZN (NOR2_X1)
                                         _07632_ (net)
                  0.03    0.00    2.17 ^ _26934_/A (INV_X1)
     2    3.23    0.01    0.01    2.19 v _26934_/ZN (INV_X1)
                                         _07758_ (net)
                  0.01    0.00    2.19 v _26936_/A3 (NOR4_X1)
     7   29.17    0.29    0.37    2.56 ^ _26936_/ZN (NOR4_X1)
                                         _07760_ (net)
                  0.29    0.00    2.56 ^ _28745_/A1 (NAND2_X1)
     1    5.98    0.06    0.05    2.61 v _28745_/ZN (NAND2_X1)
                                         _08833_ (net)
                  0.06    0.00    2.61 v _28746_/A (BUF_X1)
    10   21.03    0.02    0.08    2.68 v _28746_/Z (BUF_X1)
                                         _08834_ (net)
                  0.02    0.00    2.68 v _28788_/A (BUF_X1)
    10   22.82    0.03    0.06    2.75 v _28788_/Z (BUF_X1)
                                         _08858_ (net)
                  0.03    0.00    2.75 v _28802_/A3 (NAND3_X1)
     1    1.76    0.01    0.03    2.78 ^ _28802_/ZN (NAND3_X1)
                                         _08867_ (net)
                  0.01    0.00    2.78 ^ _28803_/A (OAI21_X1)
     1    1.31    0.02    0.02    2.79 v _28803_/ZN (OAI21_X1)
                                         _03636_ (net)
                  0.02    0.00    2.79 v i_rf.Registers[4][30]$_SDFFCE_PN0P_/D (DFF_X1)
                                  2.79   data arrival time

                         20.00   20.00   clock clk (rise edge)
                          0.00   20.00   clock source latency
     1   33.60    0.00    0.00   20.00 ^ clk (in)
                                         clk (net)
                  0.01    0.01   20.01 ^ clkbuf_0_clk/A (CLKBUF_X3)
     4   50.56    0.04    0.07   20.07 ^ clkbuf_0_clk/Z (CLKBUF_X3)
                                         clknet_0_clk (net)
                  0.04    0.00   20.07 ^ clkbuf_2_2_0_clk/A (CLKBUF_X3)
    16   64.71    0.05    0.09   20.17 ^ clkbuf_2_2_0_clk/Z (CLKBUF_X3)
                                         clknet_2_2_0_clk (net)
                  0.05    0.00   20.17 ^ clkbuf_6_41_0_clk/A (CLKBUF_X3)
     7   19.97    0.02    0.06   20.23 ^ clkbuf_6_41_0_clk/Z (CLKBUF_X3)
                                         clknet_6_41_0_clk (net)
                  0.02    0.00   20.23 ^ clkbuf_leaf_130_clk/A (CLKBUF_X3)
     8   11.56    0.01    0.04   20.27 ^ clkbuf_leaf_130_clk/Z (CLKBUF_X3)
                                         clknet_leaf_130_clk (net)
                  0.01    0.00   20.27 ^ i_rf.Registers[4][30]$_SDFFCE_PN0P_/CK (DFF_X1)
                          0.00   20.27   clock reconvergence pessimism
                         -0.04   20.23   library setup time
                                 20.23   data required time
-----------------------------------------------------------------------------
                                 20.23   data required time
                                 -2.79   data arrival time
-----------------------------------------------------------------------------
                                 17.43   slack (MET)



==========================================================================
cts final report_checks -unconstrained
--------------------------------------------------------------------------
Startpoint: rst (input port clocked by clk)
Endpoint: i_rf.Registers[4][30]$_SDFFCE_PN0P_
          (rising edge-triggered flip-flop clocked by clk)
Path Group: clk
Path Type: max

Fanout     Cap    Slew   Delay    Time   Description
-----------------------------------------------------------------------------
                          0.00    0.00   clock clk (rise edge)
                          0.00    0.00   clock network delay (propagated)
                          2.00    2.00 v input external delay
     1   13.11    0.00    0.00    2.00 v rst (in)
                                         rst (net)
                  0.00    0.00    2.00 v _18481_/A (BUF_X1)
     3    6.49    0.01    0.03    2.03 v _18481_/Z (BUF_X1)
                                         _12159_ (net)
                  0.01    0.00    2.03 v _18653_/A (BUF_X1)
    10   45.74    0.05    0.07    2.11 v _18653_/Z (BUF_X1)
                                         _12329_ (net)
                  0.05    0.01    2.12 v _26744_/A1 (NOR2_X1)
     2    4.54    0.03    0.06    2.17 ^ _26744_/ZN (NOR2_X1)
                                         _07632_ (net)
                  0.03    0.00    2.17 ^ _26934_/A (INV_X1)
     2    3.23    0.01    0.01    2.19 v _26934_/ZN (INV_X1)
                                         _07758_ (net)
                  0.01    0.00    2.19 v _26936_/A3 (NOR4_X1)
     7   29.17    0.29    0.37    2.56 ^ _26936_/ZN (NOR4_X1)
                                         _07760_ (net)
                  0.29    0.00    2.56 ^ _28745_/A1 (NAND2_X1)
     1    5.98    0.06    0.05    2.61 v _28745_/ZN (NAND2_X1)
                                         _08833_ (net)
                  0.06    0.00    2.61 v _28746_/A (BUF_X1)
    10   21.03    0.02    0.08    2.68 v _28746_/Z (BUF_X1)
                                         _08834_ (net)
                  0.02    0.00    2.68 v _28788_/A (BUF_X1)
    10   22.82    0.03    0.06    2.75 v _28788_/Z (BUF_X1)
                                         _08858_ (net)
                  0.03    0.00    2.75 v _28802_/A3 (NAND3_X1)
     1    1.76    0.01    0.03    2.78 ^ _28802_/ZN (NAND3_X1)
                                         _08867_ (net)
                  0.01    0.00    2.78 ^ _28803_/A (OAI21_X1)
     1    1.31    0.02    0.02    2.79 v _28803_/ZN (OAI21_X1)
                                         _03636_ (net)
                  0.02    0.00    2.79 v i_rf.Registers[4][30]$_SDFFCE_PN0P_/D (DFF_X1)
                                  2.79   data arrival time

                         20.00   20.00   clock clk (rise edge)
                          0.00   20.00   clock source latency
     1   33.60    0.00    0.00   20.00 ^ clk (in)
                                         clk (net)
                  0.01    0.01   20.01 ^ clkbuf_0_clk/A (CLKBUF_X3)
     4   50.56    0.04    0.07   20.07 ^ clkbuf_0_clk/Z (CLKBUF_X3)
                                         clknet_0_clk (net)
                  0.04    0.00   20.07 ^ clkbuf_2_2_0_clk/A (CLKBUF_X3)
    16   64.71    0.05    0.09   20.17 ^ clkbuf_2_2_0_clk/Z (CLKBUF_X3)
                                         clknet_2_2_0_clk (net)
                  0.05    0.00   20.17 ^ clkbuf_6_41_0_clk/A (CLKBUF_X3)
     7   19.97    0.02    0.06   20.23 ^ clkbuf_6_41_0_clk/Z (CLKBUF_X3)
                                         clknet_6_41_0_clk (net)
                  0.02    0.00   20.23 ^ clkbuf_leaf_130_clk/A (CLKBUF_X3)
     8   11.56    0.01    0.04   20.27 ^ clkbuf_leaf_130_clk/Z (CLKBUF_X3)
                                         clknet_leaf_130_clk (net)
                  0.01    0.00   20.27 ^ i_rf.Registers[4][30]$_SDFFCE_PN0P_/CK (DFF_X1)
                          0.00   20.27   clock reconvergence pessimism
                         -0.04   20.23   library setup time
                                 20.23   data required time
-----------------------------------------------------------------------------
                                 20.23   data required time
                                 -2.79   data arrival time
-----------------------------------------------------------------------------
                                 17.43   slack (MET)



==========================================================================
cts final report_check_types -max_slew -max_cap -max_fanout -violators
--------------------------------------------------------------------------
max slew

Pin                                    Limit    Slew   Slack
------------------------------------------------------------
_26936_/ZN                              0.20    0.29   -0.09 (VIOLATED)
_21212_/ZN                              0.20    0.27   -0.07 (VIOLATED)
_21321_/ZN                              0.20    0.25   -0.05 (VIOLATED)
_21434_/ZN                              0.20    0.25   -0.05 (VIOLATED)
_22782_/ZN                              0.20    0.25   -0.05 (VIOLATED)
_22858_/ZN                              0.20    0.25   -0.05 (VIOLATED)
_21574_/ZN                              0.20    0.24   -0.05 (VIOLATED)
_27012_/ZN                              0.20    0.23   -0.03 (VIOLATED)
_21650_/ZN                              0.20    0.22   -0.02 (VIOLATED)
_21728_/ZN                              0.20    0.21   -0.02 (VIOLATED)

max capacitance

Pin                                    Limit     Cap   Slack
------------------------------------------------------------
_21212_/ZN                             16.02   37.54  -21.52 (VIOLATED)
_21321_/ZN                             16.02   35.18  -19.16 (VIOLATED)
_22782_/ZN                             16.02   35.07  -19.05 (VIOLATED)
_21434_/ZN                             16.02   34.97  -18.95 (VIOLATED)
_26936_/ZN                             10.47   29.17  -18.70 (VIOLATED)
_22858_/ZN                             16.02   34.66  -18.64 (VIOLATED)
_21574_/ZN                             16.02   33.79  -17.77 (VIOLATED)
_27012_/ZN                             16.02   31.50  -15.47 (VIOLATED)
_21650_/ZN                             16.02   30.66  -14.64 (VIOLATED)
_21728_/ZN                             16.02   29.42  -13.40 (VIOLATED)
_22781_/ZN                             16.02   22.01   -5.99 (VIOLATED)
_18125_/ZN                             10.47   16.24   -5.77 (VIOLATED)
_26746_/ZN                             26.70   31.33   -4.63 (VIOLATED)
_18093_/ZN                             10.47   14.78   -4.31 (VIOLATED)
_26856_/ZN                             26.70   30.01   -3.31 (VIOLATED)
_18425_/Z                              60.65   63.35   -2.69 (VIOLATED)
_21208_/ZN                             16.02   16.10   -0.08 (VIOLATED)


==========================================================================
cts final max_slew_check_slack
--------------------------------------------------------------------------
-0.09444068372249603

==========================================================================
cts final max_slew_check_limit
--------------------------------------------------------------------------
0.1985349953174591

==========================================================================
cts final max_slew_check_slack_limit
--------------------------------------------------------------------------
-0.4757

==========================================================================
cts final max_fanout_check_slack
--------------------------------------------------------------------------
1.0000000150474662e+30

==========================================================================
cts final max_fanout_check_limit
--------------------------------------------------------------------------
1.0000000150474662e+30

==========================================================================
cts final max_capacitance_check_slack
--------------------------------------------------------------------------
-21.518171310424805

==========================================================================
cts final max_capacitance_check_limit
--------------------------------------------------------------------------
16.021699905395508

==========================================================================
cts final max_capacitance_check_slack_limit
--------------------------------------------------------------------------
-1.3431

==========================================================================
cts final max_slew_violation_count
--------------------------------------------------------------------------
max slew violation count 10

==========================================================================
cts final max_fanout_violation_count
--------------------------------------------------------------------------
max fanout violation count 0

==========================================================================
cts final max_cap_violation_count
--------------------------------------------------------------------------
max cap violation count 17

==========================================================================
cts final setup_violation_count
--------------------------------------------------------------------------
setup violation count 0

==========================================================================
cts final hold_violation_count
--------------------------------------------------------------------------
hold violation count 0

==========================================================================
cts final report_checks -path_delay max reg to reg
--------------------------------------------------------------------------
Startpoint: i_3.ALUResultM[3]$_SDFF_PP0_
            (rising edge-triggered flip-flop clocked by clk)
Endpoint: i_1.instruction[7]$_DFF_P_
          (rising edge-triggered flip-flop clocked by clk)
Path Group: clk
Path Type: max

  Delay    Time   Description
---------------------------------------------------------
   0.00    0.00   clock clk (rise edge)
   0.00    0.00   clock source latency
   0.00    0.00 ^ clk (in)
   0.07    0.07 ^ clkbuf_0_clk/Z (CLKBUF_X3)
   0.09    0.17 ^ clkbuf_2_2_0_clk/Z (CLKBUF_X3)
   0.06    0.23 ^ clkbuf_6_37_0_clk/Z (CLKBUF_X3)
   0.04    0.27 ^ clkbuf_leaf_175_clk/Z (CLKBUF_X3)
   0.00    0.27 ^ i_3.ALUResultM[3]$_SDFF_PP0_/CK (DFF_X1)
   0.09    0.36 ^ i_3.ALUResultM[3]$_SDFF_PP0_/Q (DFF_X1)
   0.09    0.45 ^ _18437_/Z (BUF_X1)
   0.12    0.57 ^ _18438_/Z (BUF_X1)
   0.12    0.69 ^ _18439_/Z (BUF_X1)
   0.12    0.81 ^ _18440_/Z (BUF_X1)
   0.14    0.95 ^ _18441_/Z (BUF_X1)
   0.08    1.04 ^ _18442_/Z (MUX2_X1)
   0.06    1.09 ^ _32271_/S (HA_X1)
   0.03    1.12 ^ _18584_/Z (BUF_X4)
   0.01    1.14 v _18585_/ZN (INV_X2)
   0.04    1.18 ^ _18587_/ZN (AOI21_X1)
   0.03    1.21 v _18588_/ZN (AOI21_X1)
   0.11    1.32 ^ _18595_/ZN (OAI33_X1)
   0.03    1.34 v _18596_/ZN (AOI21_X2)
   0.05    1.39 ^ _18606_/ZN (OAI22_X1)
   0.06    1.45 v _18654_/ZN (NAND3_X1)
   0.07    1.51 ^ _20881_/Z (MUX2_X1)
   0.05    1.57 ^ _20882_/Z (MUX2_X2)
   0.01    1.58 v _20883_/ZN (INV_X1)
   0.13    1.71 ^ _20884_/ZN (NOR2_X1)
   0.06    1.77 v _21026_/ZN (INV_X1)
   0.07    1.83 v _32283_/S (HA_X1)
   0.06    1.90 v _20932_/Z (MUX2_X1)
   0.07    1.96 v _20934_/ZN (OR3_X2)
   0.02    1.99 ^ _20942_/ZN (OAI221_X1)
   0.00    1.99 ^ i_1.instruction[7]$_DFF_P_/D (DFF_X1)
           1.99   data arrival time

  20.00   20.00   clock clk (rise edge)
   0.00   20.00   clock source latency
   0.00   20.00 ^ clk (in)
   0.07   20.07 ^ clkbuf_0_clk/Z (CLKBUF_X3)
   0.09   20.16 ^ clkbuf_2_0_0_clk/Z (CLKBUF_X3)
   0.06   20.22 ^ clkbuf_6_7_0_clk/Z (CLKBUF_X3)
   0.04   20.26 ^ clkbuf_leaf_429_clk/Z (CLKBUF_X3)
   0.00   20.26 ^ i_1.instruction[7]$_DFF_P_/CK (DFF_X1)
   0.00   20.26   clock reconvergence pessimism
  -0.04   20.23   library setup time
          20.23   data required time
---------------------------------------------------------
          20.23   data required time
          -1.99   data arrival time
---------------------------------------------------------
          18.24   slack (MET)



==========================================================================
cts final report_checks -path_delay min reg to reg
--------------------------------------------------------------------------
Startpoint: i_rf.Registers[2][7]$_SDFFCE_PN0P_
            (rising edge-triggered flip-flop clocked by clk)
Endpoint: checkx2[7]$_DFF_P_ (rising edge-triggered flip-flop clocked by clk)
Path Group: clk
Path Type: min

  Delay    Time   Description
---------------------------------------------------------
   0.00    0.00   clock clk (rise edge)
   0.00    0.00   clock source latency
   0.00    0.00 ^ clk (in)
   0.07    0.07 ^ clkbuf_0_clk/Z (CLKBUF_X3)
   0.09    0.17 ^ clkbuf_2_2_0_clk/Z (CLKBUF_X3)
   0.06    0.23 ^ clkbuf_6_44_0_clk/Z (CLKBUF_X3)
   0.04    0.27 ^ clkbuf_leaf_134_clk/Z (CLKBUF_X3)
   0.00    0.27 ^ i_rf.Registers[2][7]$_SDFFCE_PN0P_/CK (DFF_X1)
   0.09    0.36 v i_rf.Registers[2][7]$_SDFFCE_PN0P_/Q (DFF_X1)
   0.00    0.36 v checkx2[7]$_DFF_P_/D (DFF_X1)
           0.36   data arrival time

   0.00    0.00   clock clk (rise edge)
   0.00    0.00   clock source latency
   0.00    0.00 ^ clk (in)
   0.07    0.07 ^ clkbuf_0_clk/Z (CLKBUF_X3)
   0.09    0.17 ^ clkbuf_2_2_0_clk/Z (CLKBUF_X3)
   0.06    0.23 ^ clkbuf_6_47_0_clk/Z (CLKBUF_X3)
   0.04    0.27 ^ clkbuf_leaf_145_clk/Z (CLKBUF_X3)
   0.00    0.27 ^ checkx2[7]$_DFF_P_/CK (DFF_X1)
   0.00    0.27   clock reconvergence pessimism
   0.00    0.27   library hold time
           0.27   data required time
---------------------------------------------------------
           0.27   data required time
          -0.36   data arrival time
---------------------------------------------------------
           0.08   slack (MET)



==========================================================================
cts final critical path target clock latency max path
--------------------------------------------------------------------------
0.2663

==========================================================================
cts final critical path target clock latency min path
--------------------------------------------------------------------------
0.2697

==========================================================================
cts final critical path source clock latency min path
--------------------------------------------------------------------------
0.0000

==========================================================================
cts final critical path delay
--------------------------------------------------------------------------
2.7940

==========================================================================
cts final critical path slack
--------------------------------------------------------------------------
17.4311

==========================================================================
cts final slack div critical path delay
--------------------------------------------------------------------------
623.876163

==========================================================================
cts final report_power
--------------------------------------------------------------------------
Group                  Internal  Switching    Leakage      Total
                          Power      Power      Power      Power (Watts)
----------------------------------------------------------------
Sequential             1.29e-03   1.22e-05   2.80e-04   1.58e-03  48.9%
Combinational          1.39e-04   4.05e-04   3.90e-04   9.35e-04  28.9%
Clock                  2.92e-04   4.10e-04   1.87e-05   7.20e-04  22.2%
Macro                  0.00e+00   0.00e+00   0.00e+00   0.00e+00   0.0%
Pad                    0.00e+00   0.00e+00   0.00e+00   0.00e+00   0.0%
----------------------------------------------------------------
Total                  1.72e-03   8.28e-04   6.89e-04   3.24e-03 100.0%
                          53.2%      25.5%      21.3%
