
==========================================================================
finish report_tns
--------------------------------------------------------------------------
tns max 0.00

==========================================================================
finish report_wns
--------------------------------------------------------------------------
wns max 0.00

==========================================================================
finish report_worst_slack
--------------------------------------------------------------------------
worst slack max 17.48

==========================================================================
finish report_clock_min_period
--------------------------------------------------------------------------
clk period_min = 2.52 fmax = 396.72

==========================================================================
finish report_clock_skew
--------------------------------------------------------------------------
Clock clk
   0.25 source latency i_3.WriteDataM[22]$_SDFF_PP0_/CK ^
  -0.27 target latency i_dm.Data_Mem[47][22]$_SDFFCE_PN0P_/CK ^
   0.00 CRPR
--------------
  -0.02 setup skew


==========================================================================
finish report_checks -path_delay min
--------------------------------------------------------------------------
Startpoint: i_rf.Registers[2][24]$_SDFFCE_PN0P_
            (rising edge-triggered flip-flop clocked by clk)
Endpoint: checkx2[24]$_DFF_P_ (rising edge-triggered flip-flop clocked by clk)
Path Group: clk
Path Type: min

Fanout     Cap    Slew   Delay    Time   Description
-----------------------------------------------------------------------------
                          0.00    0.00   clock clk (rise edge)
                          0.00    0.00   clock source latency
     1   24.96    0.00    0.00    0.00 ^ clk (in)
                                         clk (net)
                  0.01    0.00    0.00 ^ clkbuf_0_clk/A (CLKBUF_X3)
     4   43.20    0.03    0.06    0.06 ^ clkbuf_0_clk/Z (CLKBUF_X3)
                                         clknet_0_clk (net)
                  0.03    0.00    0.07 ^ clkbuf_2_2_0_clk/A (CLKBUF_X3)
    16   59.24    0.05    0.08    0.15 ^ clkbuf_2_2_0_clk/Z (CLKBUF_X3)
                                         clknet_2_2_0_clk (net)
                  0.05    0.00    0.15 ^ clkbuf_6_32_0_clk/A (CLKBUF_X3)
     9   24.20    0.02    0.06    0.21 ^ clkbuf_6_32_0_clk/Z (CLKBUF_X3)
                                         clknet_6_32_0_clk (net)
                  0.02    0.00    0.22 ^ clkbuf_leaf_83_clk/A (CLKBUF_X3)
     8   10.00    0.01    0.04    0.26 ^ clkbuf_leaf_83_clk/Z (CLKBUF_X3)
                                         clknet_leaf_83_clk (net)
                  0.01    0.00    0.26 ^ i_rf.Registers[2][24]$_SDFFCE_PN0P_/CK (DFF_X1)
     4    7.84    0.01    0.09    0.35 v i_rf.Registers[2][24]$_SDFFCE_PN0P_/Q (DFF_X1)
                                         i_rf.Registers[2][24] (net)
                  0.01    0.00    0.35 v checkx2[24]$_DFF_P_/D (DFF_X1)
                                  0.35   data arrival time

                          0.00    0.00   clock clk (rise edge)
                          0.00    0.00   clock source latency
     1   24.96    0.00    0.00    0.00 ^ clk (in)
                                         clk (net)
                  0.01    0.00    0.00 ^ clkbuf_0_clk/A (CLKBUF_X3)
     4   43.20    0.03    0.06    0.06 ^ clkbuf_0_clk/Z (CLKBUF_X3)
                                         clknet_0_clk (net)
                  0.03    0.00    0.07 ^ clkbuf_2_0_0_clk/A (CLKBUF_X3)
    16   60.01    0.05    0.08    0.15 ^ clkbuf_2_0_0_clk/Z (CLKBUF_X3)
                                         clknet_2_0_0_clk (net)
                  0.05    0.00    0.15 ^ clkbuf_6_10_0_clk/A (CLKBUF_X3)
    11   27.59    0.02    0.06    0.22 ^ clkbuf_6_10_0_clk/Z (CLKBUF_X3)
                                         clknet_6_10_0_clk (net)
                  0.02    0.00    0.22 ^ clkbuf_leaf_28_clk/A (CLKBUF_X3)
     8    9.69    0.01    0.04    0.26 ^ clkbuf_leaf_28_clk/Z (CLKBUF_X3)
                                         clknet_leaf_28_clk (net)
                  0.01    0.00    0.26 ^ checkx2[24]$_DFF_P_/CK (DFF_X1)
                          0.00    0.26   clock reconvergence pessimism
                          0.00    0.26   library hold time
                                  0.26   data required time
-----------------------------------------------------------------------------
                                  0.26   data required time
                                 -0.35   data arrival time
-----------------------------------------------------------------------------
                                  0.08   slack (MET)



==========================================================================
finish report_checks -path_delay max
--------------------------------------------------------------------------
Startpoint: rst (input port clocked by clk)
Endpoint: i_1.instruction[9]$_DFF_P_
          (rising edge-triggered flip-flop clocked by clk)
Path Group: clk
Path Type: max

Fanout     Cap    Slew   Delay    Time   Description
-----------------------------------------------------------------------------
                          0.00    0.00   clock clk (rise edge)
                          0.00    0.00   clock network delay (propagated)
                          2.00    2.00 v input external delay
     1   12.86    0.00    0.00    2.00 v rst (in)
                                         rst (net)
                  0.00    0.00    2.00 v _18481_/A (BUF_X1)
     3    6.43    0.01    0.03    2.03 v _18481_/Z (BUF_X1)
                                         _12159_ (net)
                  0.01    0.00    2.03 v _18482_/A (INV_X1)
     3    5.15    0.01    0.02    2.05 ^ _18482_/ZN (INV_X1)
                                         _12160_ (net)
                  0.01    0.00    2.05 ^ _18483_/A (BUF_X1)
    10   48.58    0.11    0.13    2.19 ^ _18483_/Z (BUF_X1)
                                         _12161_ (net)
                  0.11    0.00    2.19 ^ _20865_/A (BUF_X1)
    10   37.36    0.08    0.12    2.31 ^ _20865_/Z (BUF_X1)
                                         _03859_ (net)
                  0.08    0.00    2.31 ^ _20866_/A (BUF_X1)
    10   41.84    0.09    0.13    2.44 ^ _20866_/Z (BUF_X1)
                                         _03860_ (net)
                  0.09    0.00    2.44 ^ _20872_/A1 (AND2_X1)
     5   16.40    0.04    0.09    2.53 ^ _20872_/ZN (AND2_X1)
                                         _00227_ (net)
                  0.04    0.00    2.53 ^ _20873_/A (INV_X1)
     4   14.22    0.02    0.04    2.56 v _20873_/ZN (INV_X1)
                                         _00231_ (net)
                  0.02    0.00    2.56 v _32290_/B (HA_X1)
     1    0.89    0.01    0.03    2.60 v _32290_/CO (HA_X1)
                                         _00238_ (net)
                  0.01    0.00    2.60 v _20929_/A (BUF_X1)
     6   11.28    0.01    0.04    2.64 v _20929_/Z (BUF_X1)
                                         _03918_ (net)
                  0.01    0.00    2.64 v _20944_/A (INV_X1)
     2    3.68    0.01    0.02    2.66 ^ _20944_/ZN (INV_X1)
                                         _03931_ (net)
                  0.01    0.00    2.66 ^ _20945_/A1 (NOR2_X1)
     2    3.52    0.01    0.01    2.67 v _20945_/ZN (NOR2_X1)
                                         _03932_ (net)
                  0.01    0.00    2.67 v _20954_/A2 (NOR3_X1)
     1    2.25    0.03    0.05    2.72 ^ _20954_/ZN (NOR3_X1)
                                         _03940_ (net)
                  0.03    0.00    2.72 ^ _20955_/B2 (OAI21_X1)
     1    1.69    0.01    0.02    2.74 v _20955_/ZN (OAI21_X1)
                                         _00015_ (net)
                  0.01    0.00    2.74 v i_1.instruction[9]$_DFF_P_/D (DFF_X1)
                                  2.74   data arrival time

                         20.00   20.00   clock clk (rise edge)
                          0.00   20.00   clock source latency
     1   24.96    0.00    0.00   20.00 ^ clk (in)
                                         clk (net)
                  0.01    0.00   20.00 ^ clkbuf_0_clk/A (CLKBUF_X3)
     4   43.20    0.03    0.06   20.06 ^ clkbuf_0_clk/Z (CLKBUF_X3)
                                         clknet_0_clk (net)
                  0.03    0.00   20.07 ^ clkbuf_2_0_0_clk/A (CLKBUF_X3)
    16   60.01    0.05    0.08   20.15 ^ clkbuf_2_0_0_clk/Z (CLKBUF_X3)
                                         clknet_2_0_0_clk (net)
                  0.05    0.00   20.15 ^ clkbuf_6_5_0_clk/A (CLKBUF_X3)
     8   24.34    0.02    0.06   20.21 ^ clkbuf_6_5_0_clk/Z (CLKBUF_X3)
                                         clknet_6_5_0_clk (net)
                  0.02    0.00   20.22 ^ clkbuf_leaf_439_clk/A (CLKBUF_X3)
     8   11.06    0.01    0.04   20.26 ^ clkbuf_leaf_439_clk/Z (CLKBUF_X3)
                                         clknet_leaf_439_clk (net)
                  0.01    0.00   20.26 ^ i_1.instruction[9]$_DFF_P_/CK (DFF_X1)
                          0.00   20.26   clock reconvergence pessimism
                         -0.04   20.22   library setup time
                                 20.22   data required time
-----------------------------------------------------------------------------
                                 20.22   data required time
                                 -2.74   data arrival time
-----------------------------------------------------------------------------
                                 17.48   slack (MET)



==========================================================================
finish report_checks -unconstrained
--------------------------------------------------------------------------
Startpoint: rst (input port clocked by clk)
Endpoint: i_1.instruction[9]$_DFF_P_
          (rising edge-triggered flip-flop clocked by clk)
Path Group: clk
Path Type: max

Fanout     Cap    Slew   Delay    Time   Description
-----------------------------------------------------------------------------
                          0.00    0.00   clock clk (rise edge)
                          0.00    0.00   clock network delay (propagated)
                          2.00    2.00 v input external delay
     1   12.86    0.00    0.00    2.00 v rst (in)
                                         rst (net)
                  0.00    0.00    2.00 v _18481_/A (BUF_X1)
     3    6.43    0.01    0.03    2.03 v _18481_/Z (BUF_X1)
                                         _12159_ (net)
                  0.01    0.00    2.03 v _18482_/A (INV_X1)
     3    5.15    0.01    0.02    2.05 ^ _18482_/ZN (INV_X1)
                                         _12160_ (net)
                  0.01    0.00    2.05 ^ _18483_/A (BUF_X1)
    10   48.58    0.11    0.13    2.19 ^ _18483_/Z (BUF_X1)
                                         _12161_ (net)
                  0.11    0.00    2.19 ^ _20865_/A (BUF_X1)
    10   37.36    0.08    0.12    2.31 ^ _20865_/Z (BUF_X1)
                                         _03859_ (net)
                  0.08    0.00    2.31 ^ _20866_/A (BUF_X1)
    10   41.84    0.09    0.13    2.44 ^ _20866_/Z (BUF_X1)
                                         _03860_ (net)
                  0.09    0.00    2.44 ^ _20872_/A1 (AND2_X1)
     5   16.40    0.04    0.09    2.53 ^ _20872_/ZN (AND2_X1)
                                         _00227_ (net)
                  0.04    0.00    2.53 ^ _20873_/A (INV_X1)
     4   14.22    0.02    0.04    2.56 v _20873_/ZN (INV_X1)
                                         _00231_ (net)
                  0.02    0.00    2.56 v _32290_/B (HA_X1)
     1    0.89    0.01    0.03    2.60 v _32290_/CO (HA_X1)
                                         _00238_ (net)
                  0.01    0.00    2.60 v _20929_/A (BUF_X1)
     6   11.28    0.01    0.04    2.64 v _20929_/Z (BUF_X1)
                                         _03918_ (net)
                  0.01    0.00    2.64 v _20944_/A (INV_X1)
     2    3.68    0.01    0.02    2.66 ^ _20944_/ZN (INV_X1)
                                         _03931_ (net)
                  0.01    0.00    2.66 ^ _20945_/A1 (NOR2_X1)
     2    3.52    0.01    0.01    2.67 v _20945_/ZN (NOR2_X1)
                                         _03932_ (net)
                  0.01    0.00    2.67 v _20954_/A2 (NOR3_X1)
     1    2.25    0.03    0.05    2.72 ^ _20954_/ZN (NOR3_X1)
                                         _03940_ (net)
                  0.03    0.00    2.72 ^ _20955_/B2 (OAI21_X1)
     1    1.69    0.01    0.02    2.74 v _20955_/ZN (OAI21_X1)
                                         _00015_ (net)
                  0.01    0.00    2.74 v i_1.instruction[9]$_DFF_P_/D (DFF_X1)
                                  2.74   data arrival time

                         20.00   20.00   clock clk (rise edge)
                          0.00   20.00   clock source latency
     1   24.96    0.00    0.00   20.00 ^ clk (in)
                                         clk (net)
                  0.01    0.00   20.00 ^ clkbuf_0_clk/A (CLKBUF_X3)
     4   43.20    0.03    0.06   20.06 ^ clkbuf_0_clk/Z (CLKBUF_X3)
                                         clknet_0_clk (net)
                  0.03    0.00   20.07 ^ clkbuf_2_0_0_clk/A (CLKBUF_X3)
    16   60.01    0.05    0.08   20.15 ^ clkbuf_2_0_0_clk/Z (CLKBUF_X3)
                                         clknet_2_0_0_clk (net)
                  0.05    0.00   20.15 ^ clkbuf_6_5_0_clk/A (CLKBUF_X3)
     8   24.34    0.02    0.06   20.21 ^ clkbuf_6_5_0_clk/Z (CLKBUF_X3)
                                         clknet_6_5_0_clk (net)
                  0.02    0.00   20.22 ^ clkbuf_leaf_439_clk/A (CLKBUF_X3)
     8   11.06    0.01    0.04   20.26 ^ clkbuf_leaf_439_clk/Z (CLKBUF_X3)
                                         clknet_leaf_439_clk (net)
                  0.01    0.00   20.26 ^ i_1.instruction[9]$_DFF_P_/CK (DFF_X1)
                          0.00   20.26   clock reconvergence pessimism
                         -0.04   20.22   library setup time
                                 20.22   data required time
-----------------------------------------------------------------------------
                                 20.22   data required time
                                 -2.74   data arrival time
-----------------------------------------------------------------------------
                                 17.48   slack (MET)



==========================================================================
finish report_check_types -max_slew -max_cap -max_fanout -violators
--------------------------------------------------------------------------
max capacitance

Pin                                    Limit     Cap   Slack
------------------------------------------------------------
_21728_/ZN                             31.74   33.01   -1.27 (VIOLATED)
_30485_/Z                              60.65   61.81   -1.15 (VIOLATED)


==========================================================================
finish max_slew_check_slack
--------------------------------------------------------------------------
0.061591748148202896

==========================================================================
finish max_slew_check_limit
--------------------------------------------------------------------------
0.1985349953174591

==========================================================================
finish max_slew_check_slack_limit
--------------------------------------------------------------------------
0.3102

==========================================================================
finish max_fanout_check_slack
--------------------------------------------------------------------------
1.0000000150474662e+30

==========================================================================
finish max_fanout_check_limit
--------------------------------------------------------------------------
1.0000000150474662e+30

==========================================================================
finish max_capacitance_check_slack
--------------------------------------------------------------------------
-1.269492268562317

==========================================================================
finish max_capacitance_check_limit
--------------------------------------------------------------------------
31.738300323486328

==========================================================================
finish max_capacitance_check_slack_limit
--------------------------------------------------------------------------
-0.0400

==========================================================================
finish max_slew_violation_count
--------------------------------------------------------------------------
max slew violation count 0

==========================================================================
finish max_fanout_violation_count
--------------------------------------------------------------------------
max fanout violation count 0

==========================================================================
finish max_cap_violation_count
--------------------------------------------------------------------------
max cap violation count 2

==========================================================================
finish setup_violation_count
--------------------------------------------------------------------------
setup violation count 0

==========================================================================
finish hold_violation_count
--------------------------------------------------------------------------
hold violation count 0

==========================================================================
finish report_checks -path_delay max reg to reg
--------------------------------------------------------------------------
Startpoint: i_3.ALUResultM[3]$_SDFF_PP0_
            (rising edge-triggered flip-flop clocked by clk)
Endpoint: i_1.instruction[7]$_DFF_P_
          (rising edge-triggered flip-flop clocked by clk)
Path Group: clk
Path Type: max

  Delay    Time   Description
---------------------------------------------------------
   0.00    0.00   clock clk (rise edge)
   0.00    0.00   clock source latency
   0.00    0.00 ^ clk (in)
   0.06    0.06 ^ clkbuf_0_clk/Z (CLKBUF_X3)
   0.09    0.15 ^ clkbuf_2_2_0_clk/Z (CLKBUF_X3)
   0.06    0.21 ^ clkbuf_6_37_0_clk/Z (CLKBUF_X3)
   0.04    0.26 ^ clkbuf_leaf_175_clk/Z (CLKBUF_X3)
   0.00    0.26 ^ i_3.ALUResultM[3]$_SDFF_PP0_/CK (DFF_X1)
   0.09    0.35 ^ i_3.ALUResultM[3]$_SDFF_PP0_/Q (DFF_X1)
   0.09    0.43 ^ _18437_/Z (BUF_X1)
   0.12    0.55 ^ _18438_/Z (BUF_X1)
   0.13    0.69 ^ _18439_/Z (BUF_X1)
   0.12    0.81 ^ _18440_/Z (BUF_X1)
   0.15    0.96 ^ _18441_/Z (BUF_X1)
   0.08    1.04 ^ _18442_/Z (MUX2_X1)
   0.06    1.10 ^ _32271_/S (HA_X1)
   0.03    1.13 ^ _18584_/Z (BUF_X4)
   0.01    1.14 v _18585_/ZN (INV_X2)
   0.04    1.19 ^ _18587_/ZN (AOI21_X1)
   0.03    1.22 v _18588_/ZN (AOI21_X1)
   0.11    1.33 ^ _18595_/ZN (OAI33_X1)
   0.03    1.35 v _18596_/ZN (AOI21_X2)
   0.05    1.40 ^ _18606_/ZN (OAI22_X1)
   0.06    1.46 v _18654_/ZN (NAND3_X1)
   0.07    1.52 ^ _20881_/Z (MUX2_X1)
   0.05    1.58 ^ _20882_/Z (MUX2_X2)
   0.01    1.59 v _20883_/ZN (INV_X1)
   0.13    1.72 ^ _20884_/ZN (NOR2_X1)
   0.06    1.78 v _21026_/ZN (INV_X1)
   0.07    1.84 v _32283_/S (HA_X1)
   0.06    1.90 v _20932_/Z (MUX2_X1)
   0.07    1.97 v _20934_/ZN (OR3_X2)
   0.02    2.00 ^ _20942_/ZN (OAI221_X1)
   0.00    2.00 ^ i_1.instruction[7]$_DFF_P_/D (DFF_X1)
           2.00   data arrival time

  20.00   20.00   clock clk (rise edge)
   0.00   20.00   clock source latency
   0.00   20.00 ^ clk (in)
   0.06   20.06 ^ clkbuf_0_clk/Z (CLKBUF_X3)
   0.09   20.15 ^ clkbuf_2_0_0_clk/Z (CLKBUF_X3)
   0.06   20.21 ^ clkbuf_6_7_0_clk/Z (CLKBUF_X3)
   0.04   20.25 ^ clkbuf_leaf_429_clk/Z (CLKBUF_X3)
   0.00   20.25 ^ i_1.instruction[7]$_DFF_P_/CK (DFF_X1)
   0.00   20.25   clock reconvergence pessimism
  -0.04   20.21   library setup time
          20.21   data required time
---------------------------------------------------------
          20.21   data required time
          -2.00   data arrival time
---------------------------------------------------------
          18.22   slack (MET)



==========================================================================
finish report_checks -path_delay min reg to reg
--------------------------------------------------------------------------
Startpoint: i_rf.Registers[2][24]$_SDFFCE_PN0P_
            (rising edge-triggered flip-flop clocked by clk)
Endpoint: checkx2[24]$_DFF_P_ (rising edge-triggered flip-flop clocked by clk)
Path Group: clk
Path Type: min

  Delay    Time   Description
---------------------------------------------------------
   0.00    0.00   clock clk (rise edge)
   0.00    0.00   clock source latency
   0.00    0.00 ^ clk (in)
   0.06    0.06 ^ clkbuf_0_clk/Z (CLKBUF_X3)
   0.09    0.15 ^ clkbuf_2_2_0_clk/Z (CLKBUF_X3)
   0.06    0.21 ^ clkbuf_6_32_0_clk/Z (CLKBUF_X3)
   0.04    0.26 ^ clkbuf_leaf_83_clk/Z (CLKBUF_X3)
   0.00    0.26 ^ i_rf.Registers[2][24]$_SDFFCE_PN0P_/CK (DFF_X1)
   0.09    0.35 v i_rf.Registers[2][24]$_SDFFCE_PN0P_/Q (DFF_X1)
   0.00    0.35 v checkx2[24]$_DFF_P_/D (DFF_X1)
           0.35   data arrival time

   0.00    0.00   clock clk (rise edge)
   0.00    0.00   clock source latency
   0.00    0.00 ^ clk (in)
   0.06    0.06 ^ clkbuf_0_clk/Z (CLKBUF_X3)
   0.09    0.15 ^ clkbuf_2_0_0_clk/Z (CLKBUF_X3)
   0.07    0.22 ^ clkbuf_6_10_0_clk/Z (CLKBUF_X3)
   0.04    0.26 ^ clkbuf_leaf_28_clk/Z (CLKBUF_X3)
   0.00    0.26 ^ checkx2[24]$_DFF_P_/CK (DFF_X1)
   0.00    0.26   clock reconvergence pessimism
   0.00    0.26   library hold time
           0.26   data required time
---------------------------------------------------------
           0.26   data required time
          -0.35   data arrival time
---------------------------------------------------------
           0.08   slack (MET)



==========================================================================
finish critical path target clock latency max path
--------------------------------------------------------------------------
0.2568

==========================================================================
finish critical path target clock latency min path
--------------------------------------------------------------------------
0.2646

==========================================================================
finish critical path source clock latency min path
--------------------------------------------------------------------------
0.0000

==========================================================================
finish critical path delay
--------------------------------------------------------------------------
2.7396

==========================================================================
finish critical path slack
--------------------------------------------------------------------------
17.4793

==========================================================================
finish slack div critical path delay
--------------------------------------------------------------------------
638.023799

==========================================================================
finish report_power
--------------------------------------------------------------------------
Group                  Internal  Switching    Leakage      Total
                          Power      Power      Power      Power (Watts)
----------------------------------------------------------------
Sequential             1.29e-03   1.18e-05   2.80e-04   1.58e-03  48.8%
Combinational          1.40e-04   4.14e-04   3.91e-04   9.45e-04  29.1%
Clock                  2.91e-04   4.07e-04   1.87e-05   7.16e-04  22.1%
Macro                  0.00e+00   0.00e+00   0.00e+00   0.00e+00   0.0%
Pad                    0.00e+00   0.00e+00   0.00e+00   0.00e+00   0.0%
----------------------------------------------------------------
Total                  1.72e-03   8.32e-04   6.90e-04   3.24e-03 100.0%
                          53.1%      25.7%      21.3%
